HTTP Error 404: {"quoteSummary":{"result":null,"error":{"code":"Not Found","description":"Quote not found for symbol: CYBR"}}}
$CYBR: possibly delisted; no price data found  (period=6mo) (Yahoo error = "No data found, symbol may be delisted")
HTTP Error 404: {"quoteSummary":{"result":null,"error":{"code":"Not Found","description":"Quote not found for symbol: ANSS"}}}
$ANSS: possibly delisted; no price data found  (period=6mo) (Yahoo error = "No data found, symbol may be delisted")
$CFLT: possibly delisted; no price data found  (period=6mo) (Yahoo error = "No data found, symbol may be delisted")
$PSTG: possibly delisted; no price data found  (period=6mo) (Yahoo error = "No data found, symbol may be delisted")
$EXAS: possibly delisted; no price data found  (period=6mo) (Yahoo error = "No data found, symbol may be delisted")
$ERJ: possibly delisted; no price data found  (period=6mo) (Yahoo error = "No data found, symbol may be delisted")
$HOLX: possibly delisted; no price data found  (period=6mo) (Yahoo error = "No data found, symbol may be delisted")
start: 70 tickers, 298 candidates queued
  + CRWV   46/110 Hold (AI Infrastructure)
  + LRCX   81/110 Buy (Semiconductors & EDA)
  + TOELY  66/110 Watch (Semiconductor Equipment)
  + APH    81/110 Buy (Networking & Optics)
  + NOW    85/110 Buy (Software & AI Applications)
  + PWR    57/110 Hold (Power & Grid)
  + GE     74/110 Watch (Defense & Aerospace)
  + REGN   75/110 Buy (Healthcare & Biotech)
  + EMR    68/110 Watch (Automation & Robotics)
  + ALB    67/110 Watch (Critical Minerals & Rare Earths)
  - MP pruned (45/110) → 79 tickers
  + BKSY   31/110 Reduce (Space Economy)
  + MA     84/110 Buy (Quality Compounders)
  + TEAM   73/110 Watch (Software & Data (extended))
  + NBIS   57/110 Hold (AI Infrastructure)
  + QCOM   70/110 Watch (Semiconductors & EDA)
  + ASMIY  68/110 Watch (Semiconductor Equipment)
  + TEL    70/110 Watch (Networking & Optics)
  + CRM    77/110 Buy (Software & AI Applications)
  + EME    66/110 Watch (Power & Grid)
  + HWM    74/110 Watch (Defense & Aerospace)
  - BKSY pruned (31/110) → 88 tickers
  + VRTX   81/110 Buy (Healthcare & Biotech)
  + HON    58/110 Hold (Automation & Robotics)
  + SQM    80/110 Buy (Critical Minerals & Rare Earths)
  + OKTA   77/110 Buy (Cybersecurity)
  + RDW    42/110 Reduce (Space Economy)
  + MSCI   81/110 Buy (Quality Compounders)
  + WDAY   79/110 Buy (Software & Data (extended))
  + EQIX   64/110 Watch (AI Infrastructure)
  + ARM    65/110 Watch (Semiconductors & EDA)
  + BESIY  77/110 Buy (Semiconductor Equipment)
  - RDW pruned (42/110) → 97 tickers
  + COHR   55/110 Hold (Networking & Optics)
  + SNOW   62/110 Watch (Software & AI Applications)
  + HUBB   65/110 Watch (Power & Grid)
  + TDG    74/110 Watch (Defense & Aerospace)
  + ABBV   80/110 Buy (Healthcare & Biotech)
  + PH     70/110 Watch (Automation & Robotics)
  + SCCO   82/110 Buy (Critical Minerals & Rare Earths)
  + S      65/110 Watch (Cybersecurity)
  + GSAT   48/110 Hold (Space Economy)
  + SPGI   87/110 Buy (Quality Compounders)
  - QUBT pruned (45/110) → 106 tickers
  + HUBS   74/110 Watch (Software & Data (extended))
  + DLR    65/110 Watch (AI Infrastructure)
  + SNPS   77/110 Buy (Semiconductors & EDA)
  + ONTO   65/110 Watch (Semiconductor Equipment)
  + LITE   63/110 Watch (Networking & Optics)
  + DDOG   71/110 Watch (Software & AI Applications)
  + NVT    69/110 Watch (Power & Grid)
  + HEI    73/110 Watch (Defense & Aerospace)
  + AMGN   77/110 Buy (Healthcare & Biotech)
  + ITW    66/110 Watch (Automation & Robotics)
  - RKLB pruned (46/110) → 115 tickers
  + TECK   68/110 Watch (Critical Minerals & Rare Earths)
  + TENB   68/110 Watch (Cybersecurity)
  + SATS   41/110 Reduce (Space Economy)
  + MCO    80/110 Buy (Quality Compounders)
  + VEEV   90/110 Strong Buy (Software & Data (extended))
  + HPE    67/110 Watch (AI Infrastructure)
  + CDNS   83/110 Buy (Semiconductors & EDA)
  + CAMT   62/110 Watch (Semiconductor Equipment)
  + CRDO   78/110 Buy (Networking & Optics)
  + MDB    67/110 Watch (Software & AI Applications)
  - SATS pruned (41/110) → 124 tickers
  + FIX    60/110 Watch (Power & Grid)
  + AXON   62/110 Watch (Defense & Aerospace)
  + GILD   83/110 Buy (Healthcare & Biotech)
  + DOV    66/110 Watch (Automation & Robotics)
  + VALE   62/110 Watch (Critical Minerals & Rare Earths)
  + QLYS   91/110 Strong Buy (Cybersecurity)
  + VSAT   46/110 Hold (Space Economy)
  + BLK    80/110 Buy (Quality Compounders)
  + TYL    73/110 Watch (Software & Data (extended))
  + CLS    65/110 Watch (AI Infrastructure)
  - NB pruned (46/110) → 133 tickers
  + TXN    75/110 Buy (Semiconductors & EDA)
  + NVMI   68/110 Watch (Semiconductor Equipment)
  + FN     58/110 Hold (Networking & Optics)
  + INTU   83/110 Buy (Software & AI Applications)
  + IESC   61/110 Watch (Power & Grid)
  + LHX    68/110 Watch (Defense & Aerospace)
  + MRK    77/110 Buy (Healthcare & Biotech)
  + AME    74/110 Watch (Automation & Robotics)
  + RIO    65/110 Watch (Critical Minerals & Rare Earths)
  + VRNS   67/110 Watch (Cybersecurity)
  - CRWV pruned (46/110) → 142 tickers
  + GILT   64/110 Watch (Space Economy)
  + AXP    76/110 Buy (Quality Compounders)
  + PTC    89/110 Strong Buy (Software & Data (extended))
  + JBL    52/110 Hold (AI Infrastructure)
  + ADI    82/110 Buy (Semiconductors & EDA)
  + MKSI   66/110 Watch (Semiconductor Equipment)
  + GLW    61/110 Watch (Networking & Optics)
  + ADBE   84/110 Buy (Software & AI Applications)
  + MYRG   62/110 Watch (Power & Grid)
  + HII    53/110 Hold (Defense & Aerospace)
  - VSAT pruned (46/110) → 151 tickers
  + BSX    72/110 Watch (Healthcare & Biotech)
  + ROP    81/110 Buy (Automation & Robotics)
  + BHP    75/110 Buy (Critical Minerals & Rare Earths)
  + GEN    84/110 Buy (Cybersecurity)
  + GS     72/110 Watch (Quality Compounders)
  + FLEX   57/110 Hold (AI Infrastructure)
  + NXPI   73/110 Watch (Semiconductors & EDA)
  + ACLS   56/110 Hold (Semiconductor Equipment)
  + CSCO   78/110 Buy (Networking & Optics)
  + TEM    48/110 Hold (Software & AI Applications)
  - QBTS pruned (47/110) → 160 tickers
  + AGX    77/110 Buy (Power & Grid)
  + TXT    58/110 Hold (Defense & Aerospace)
  + SYK    73/110 Watch (Healthcare & Biotech)
  + IR     64/110 Watch (Automation & Robotics)
  + LYSDY  61/110 Watch (Critical Minerals & Rare Earths)
  + AKAM   60/110 Watch (Cybersecurity)
  + SCHW   83/110 Buy (Quality Compounders)
  + MPWR   67/110 Watch (Semiconductors & EDA)
  + FORM   60/110 Watch (Semiconductor Equipment)
  + CIEN   64/110 Watch (Networking & Optics)
  - TSLA pruned (47/110) → 169 tickers
  + APP    85/110 Buy (Software & AI Applications)
  + SMR    38/110 Reduce (Power & Grid)
  + CW     67/110 Watch (Defense & Aerospace)
  + MDT    72/110 Watch (Healthcare & Biotech)
  + CGNX   78/110 Buy (Automation & Robotics)
  + ERO    73/110 Watch (Critical Minerals & Rare Earths)
  + SAIL   66/110 Watch (Cybersecurity)
  + ICE    85/110 Buy (Quality Compounders)
  + ESTC   81/110 Buy (Software & Data (extended))
  + NTAP   77/110 Buy (AI Infrastructure)
  - SMR pruned (38/110) → 178 tickers
  + MCHP   71/110 Watch (Semiconductors & EDA)
  + UCTT   48/110 Hold (Semiconductor Equipment)
  + AAOI   45/110 Hold (Networking & Optics)
  + DUOL   90/110 Strong Buy (Software & AI Applications)
  + OKLO   52/110 Hold (Power & Grid)
  + TDY    69/110 Watch (Defense & Aerospace)
  + DXCM   80/110 Buy (Healthcare & Biotech)
  + ZBRA   72/110 Watch (Automation & Robotics)
  + HBM    79/110 Buy (Critical Minerals & Rare Earths)
  + RBRK   73/110 Watch (Cybersecurity)
  - AAOI pruned (45/110) → 187 tickers
  + CME    79/110 Buy (Quality Compounders)
  + GTLB   69/110 Watch (Software & Data (extended))
  + WDC    80/110 Buy (AI Infrastructure)
  + ON     62/110 Watch (Semiconductors & EDA)
  + ICHR   47/110 Hold (Semiconductor Equipment)
  + LFUS   65/110 Watch (Networking & Optics)
  + UBER   75/110 Buy (Software & AI Applications)
  + BWXT   61/110 Watch (Power & Grid)
  + LDOS   57/110 Hold (Defense & Aerospace)
  + PODD   77/110 Buy (Healthcare & Biotech)
  - SYM pruned (47/110) → 196 tickers
  + TRMB   70/110 Watch (Automation & Robotics)
  + MTRN   64/110 Watch (Critical Minerals & Rare Earths)
  + NDAQ   79/110 Buy (Quality Compounders)
  + DT     81/110 Buy (Software & Data (extended))
  + STX    72/110 Watch (AI Infrastructure)
  + GFS    60/110 Watch (Semiconductors & EDA)
  + VECO   53/110 Hold (Semiconductor Equipment)
  + SHOP   62/110 Watch (Software & AI Applications)
  + LEU    45/110 Hold (Power & Grid)
  + CACI   58/110 Hold (Defense & Aerospace)
  - LEU pruned (45/110) → 205 tickers
  + TMO    68/110 Watch (Healthcare & Biotech)
  + NDSN   69/110 Watch (Automation & Robotics)
  + ATI    64/110 Watch (Critical Minerals & Rare Earths)
  + LIN    73/110 Watch (Quality Compounders)
  + BRZE   73/110 Watch (Software & Data (extended))
  + GDS    55/110 Hold (AI Infrastructure)
  + INTC   44/110 Reduce (Semiconductors & EDA)
  + AEHR   35/110 Reduce (Semiconductor Equipment)
  + MELI   66/110 Watch (Software & AI Applications)
  + UEC    48/110 Hold (Power & Grid)
  - AEHR pruned (35/110) → 214 tickers
  + SAIC   58/110 Hold (Defense & Aerospace)
  + DHR    73/110 Watch (Healthcare & Biotech)
  + RRX    64/110 Watch (Automation & Robotics)
  + CRS    71/110 Watch (Critical Minerals & Rare Earths)
  + TT     68/110 Watch (Quality Compounders)
  + IOT    72/110 Watch (Software & Data (extended))
  + APLD   45/110 Hold (AI Infrastructure)
  + SWKS   60/110 Watch (Semiconductors & EDA)
  + DSCSY  69/110 Watch (Semiconductor Equipment)
  + NFLX   80/110 Buy (Software & AI Applications)
  - INTC pruned (44/110) → 223 tickers
  + NXE    50/110 Hold (Power & Grid)
  + MRCY   54/110 Hold (Defense & Aerospace)
  + ILMN   75/110 Buy (Healthcare & Biotech)
  + GGG    71/110 Watch (Automation & Robotics)
  + AA     57/110 Hold (Critical Minerals & Rare Earths)
  + SHW    67/110 Watch (Quality Compounders)
  + GWRE   74/110 Watch (Software & Data (extended))
  + IREN   43/110 Reduce (AI Infrastructure)
  + QRVO   59/110 Hold (Semiconductors & EDA)
  + BKNG   82/110 Buy (Software & AI Applications)
  - IREN pruned (43/110) → 232 tickers
  + DNN    33/110 Reduce (Power & Grid)
  + DRS    54/110 Hold (Defense & Aerospace)
  + NTRA   65/110 Watch (Healthcare & Biotech)
  + LECO   63/110 Watch (Automation & Robotics)
  + CTAS   76/110 Buy (Quality Compounders)
  + MANH   84/110 Buy (Software & Data (extended))
  + WULF   39/110 Reduce (AI Infrastructure)
  + ALGM   71/110 Watch (Semiconductors & EDA)
  + GNRC   59/110 Hold (Power & Grid)
  + ESLT   48/110 Hold (Defense & Aerospace)
  - DNN pruned (33/110) → 241 tickers
  + KEYS   75/110 Buy (Automation & Robotics)
  + FAST   71/110 Watch (Quality Compounders)
  + PCOR   67/110 Watch (Software & Data (extended))
  + CORZ   54/110 Hold (AI Infrastructure)
  + SITM   49/110 Hold (Semiconductors & EDA)
  + BE     44/110 Reduce (Power & Grid)
  + RNMBY  59/110 Hold (Defense & Aerospace)
  + GEHC   66/110 Watch (Healthcare & Biotech)
  + NOVT   61/110 Watch (Automation & Robotics)
  + WM     62/110 Watch (Quality Compounders)
  - WULF pruned (39/110) → 250 tickers
  + TOST   69/110 Watch (Software & Data (extended))
  + SANM   55/110 Hold (AI Infrastructure)
  + POWI   56/110 Hold (Semiconductors & EDA)
  + FSLR   78/110 Buy (Power & Grid)
  + HIMS   45/110 Hold (Healthcare & Biotech)
  + XYL    67/110 Watch (Automation & Robotics)
  + RSG    66/110 Watch (Quality Compounders)
  + SPOT   68/110 Watch (Software & Data (extended))
  + PLXS   56/110 Hold (AI Infrastructure)
  + AMKR   56/110 Hold (Semiconductors & EDA)
  - BE pruned (44/110) → 259 tickers
  + NRG    53/110 Hold (Power & Grid)
  + ACHR   37/110 Reduce (Defense & Aerospace)
  + CRSP   53/110 Hold (Healthcare & Biotech)
  + SIEGY  58/110 Hold (Automation & Robotics)
  + URI    67/110 Watch (Quality Compounders)
  + RBLX   55/110 Hold (Software & Data (extended))
  + BHE    52/110 Hold (AI Infrastructure)
  + MTSI   66/110 Watch (Semiconductors & EDA)
  + PEG    68/110 Watch (Power & Grid)
  + JOBY   39/110 Reduce (Defense & Aerospace)
  - ACHR pruned (37/110) → 268 tickers
  + ALNY   71/110 Watch (Healthcare & Biotech)
  + YASKY  54/110 Hold (Automation & Robotics)
  + HD     63/110 Watch (Quality Compounders)
  + TTD    71/110 Watch (Software & Data (extended))
  + TTMI   56/110 Hold (AI Infrastructure)
  + SMTC   51/110 Hold (Semiconductors & EDA)
  + SO     61/110 Watch (Power & Grid)
  + ZTS    72/110 Watch (Healthcare & Biotech)
  + OMRNY  57/110 Hold (Automation & Robotics)
  + TJX    62/110 Watch (Quality Compounders)
  - JOBY pruned (39/110) → 277 tickers
  + PINS   78/110 Buy (Software & Data (extended))
  + VICR   58/110 Hold (Semiconductors & EDA)
  + DUK    63/110 Watch (Power & Grid)
  + IDXX   72/110 Watch (Healthcare & Biotech)
  + KIGRY  47/110 Hold (Automation & Robotics)
  + ORLY   61/110 Watch (Quality Compounders)
  + DASH   72/110 Watch (Software & Data (extended))
  + D      69/110 Watch (Power & Grid)
  + WST    73/110 Watch (Healthcare & Biotech)
  + AZO    60/110 Watch (Quality Compounders)
  - APLD pruned (45/110) → 286 tickers
  + ABNB   79/110 Buy (Software & Data (extended))
  + XEL    61/110 Watch (Power & Grid)
  + RMD    83/110 Buy (Healthcare & Biotech)
  + WMT    55/110 Hold (Quality Compounders)
  + COIN   53/110 Hold (Software & Data (extended))
  + EXC    60/110 Watch (Power & Grid)
  + EW     82/110 Buy (Healthcare & Biotech)
  + PG     73/110 Watch (Quality Compounders)
  + HOOD   71/110 Watch (Software & Data (extended))
  + BRK-B  66/110 Watch (Quality Compounders)
  - HIMS pruned (45/110) → 295 tickers
  + SOFI   73/110 Watch (Software & Data (extended))
  + TMDX   66/110 Watch (Healthcare & Biotech)
  + GOOG   77/110 Buy (Quality Compounders)
  + NU     77/110 Buy (Software & Data (extended))
  + GKOS   63/110 Watch (Healthcare & Biotech)
  + MS     75/110 Buy (Quality Compounders)
  + PYPL   66/110 Watch (Software & Data (extended))
  + PEN    60/110 Watch (Healthcare & Biotech)
  + BX     76/110 Buy (Quality Compounders)
  + ADSK   86/110 Buy (Software & Data (extended))
  - ICHR pruned (47/110) → 304 tickers
done: 304 tickers
